Archive member included to satisfy reference by file (symbol)

c:/st/stm32cubeide_1.0.2/stm32cubeide/plugins/com.st.stm32cube.ide.mcu.externaltools.gnu-tools-for-stm32.7-2018-q2-update.win32_1.0.0.201904181610/tools/bin/../lib/gcc/arm-none-eabi/7.3.1/../../../../arm-none-eabi/lib/thumb/v7-m\libc_nano.a(lib_a-errno.o)
                              Src/syscalls.o (__errno)
c:/st/stm32cubeide_1.0.2/stm32cubeide/plugins/com.st.stm32cube.ide.mcu.externaltools.gnu-tools-for-stm32.7-2018-q2-update.win32_1.0.0.201904181610/tools/bin/../lib/gcc/arm-none-eabi/7.3.1/../../../../arm-none-eabi/lib/thumb/v7-m\libc_nano.a(lib_a-exit.o)
                              c:/st/stm32cubeide_1.0.2/stm32cubeide/plugins/com.st.stm32cube.ide.mcu.externaltools.gnu-tools-for-stm32.7-2018-q2-update.win32_1.0.0.201904181610/tools/bin/../lib/gcc/arm-none-eabi/7.3.1/../../../../arm-none-eabi/lib/thumb/v7-m/crt0.o (exit)
c:/st/stm32cubeide_1.0.2/stm32cubeide/plugins/com.st.stm32cube.ide.mcu.externaltools.gnu-tools-for-stm32.7-2018-q2-update.win32_1.0.0.201904181610/tools/bin/../lib/gcc/arm-none-eabi/7.3.1/../../../../arm-none-eabi/lib/thumb/v7-m\libc_nano.a(lib_a-impure.o)
                              c:/st/stm32cubeide_1.0.2/stm32cubeide/plugins/com.st.stm32cube.ide.mcu.externaltools.gnu-tools-for-stm32.7-2018-q2-update.win32_1.0.0.201904181610/tools/bin/../lib/gcc/arm-none-eabi/7.3.1/../../../../arm-none-eabi/lib/thumb/v7-m\libc_nano.a(lib_a-exit.o) (_global_impure_ptr)
c:/st/stm32cubeide_1.0.2/stm32cubeide/plugins/com.st.stm32cube.ide.mcu.externaltools.gnu-tools-for-stm32.7-2018-q2-update.win32_1.0.0.201904181610/tools/bin/../lib/gcc/arm-none-eabi/7.3.1/../../../../arm-none-eabi/lib/thumb/v7-m\libc_nano.a(lib_a-init.o)
                              c:/st/stm32cubeide_1.0.2/stm32cubeide/plugins/com.st.stm32cube.ide.mcu.externaltools.gnu-tools-for-stm32.7-2018-q2-update.win32_1.0.0.201904181610/tools/bin/../lib/gcc/arm-none-eabi/7.3.1/../../../../arm-none-eabi/lib/thumb/v7-m/crt0.o (__libc_init_array)
c:/st/stm32cubeide_1.0.2/stm32cubeide/plugins/com.st.stm32cube.ide.mcu.externaltools.gnu-tools-for-stm32.7-2018-q2-update.win32_1.0.0.201904181610/tools/bin/../lib/gcc/arm-none-eabi/7.3.1/../../../../arm-none-eabi/lib/thumb/v7-m\libc_nano.a(lib_a-memset.o)
                              c:/st/stm32cubeide_1.0.2/stm32cubeide/plugins/com.st.stm32cube.ide.mcu.externaltools.gnu-tools-for-stm32.7-2018-q2-update.win32_1.0.0.201904181610/tools/bin/../lib/gcc/arm-none-eabi/7.3.1/../../../../arm-none-eabi/lib/thumb/v7-m/crt0.o (memset)
c:/st/stm32cubeide_1.0.2/stm32cubeide/plugins/com.st.stm32cube.ide.mcu.externaltools.gnu-tools-for-stm32.7-2018-q2-update.win32_1.0.0.201904181610/tools/bin/../lib/gcc/arm-none-eabi/7.3.1/../../../../arm-none-eabi/lib/thumb/v7-m\libc_nano.a(lib_a-utoa.o)
                              Src/main.o (utoa)

Discarded input sections

 .text          0x0000000000000000        0x0 c:/st/stm32cubeide_1.0.2/stm32cubeide/plugins/com.st.stm32cube.ide.mcu.externaltools.gnu-tools-for-stm32.7-2018-q2-update.win32_1.0.0.201904181610/tools/bin/../lib/gcc/arm-none-eabi/7.3.1/thumb/v7-m/crti.o
 .data          0x0000000000000000        0x0 c:/st/stm32cubeide_1.0.2/stm32cubeide/plugins/com.st.stm32cube.ide.mcu.externaltools.gnu-tools-for-stm32.7-2018-q2-update.win32_1.0.0.201904181610/tools/bin/../lib/gcc/arm-none-eabi/7.3.1/thumb/v7-m/crti.o
 .bss           0x0000000000000000        0x0 c:/st/stm32cubeide_1.0.2/stm32cubeide/plugins/com.st.stm32cube.ide.mcu.externaltools.gnu-tools-for-stm32.7-2018-q2-update.win32_1.0.0.201904181610/tools/bin/../lib/gcc/arm-none-eabi/7.3.1/thumb/v7-m/crti.o
 .data          0x0000000000000000        0x4 c:/st/stm32cubeide_1.0.2/stm32cubeide/plugins/com.st.stm32cube.ide.mcu.externaltools.gnu-tools-for-stm32.7-2018-q2-update.win32_1.0.0.201904181610/tools/bin/../lib/gcc/arm-none-eabi/7.3.1/thumb/v7-m/crtbegin.o
 .text          0x0000000000000000       0x74 c:/st/stm32cubeide_1.0.2/stm32cubeide/plugins/com.st.stm32cube.ide.mcu.externaltools.gnu-tools-for-stm32.7-2018-q2-update.win32_1.0.0.201904181610/tools/bin/../lib/gcc/arm-none-eabi/7.3.1/../../../../arm-none-eabi/lib/thumb/v7-m/crt0.o
 .data          0x0000000000000000        0x0 c:/st/stm32cubeide_1.0.2/stm32cubeide/plugins/com.st.stm32cube.ide.mcu.externaltools.gnu-tools-for-stm32.7-2018-q2-update.win32_1.0.0.201904181610/tools/bin/../lib/gcc/arm-none-eabi/7.3.1/../../../../arm-none-eabi/lib/thumb/v7-m/crt0.o
 .bss           0x0000000000000000        0x0 c:/st/stm32cubeide_1.0.2/stm32cubeide/plugins/com.st.stm32cube.ide.mcu.externaltools.gnu-tools-for-stm32.7-2018-q2-update.win32_1.0.0.201904181610/tools/bin/../lib/gcc/arm-none-eabi/7.3.1/../../../../arm-none-eabi/lib/thumb/v7-m/crt0.o
[...]
Memory Configuration

Name             Origin             Length             Attributes
RAM              0x0000000020000000 0x0000000000005000 xrw
FLASH            0x0000000008000000 0x0000000000010000 xr
*default*        0x0000000000000000 0xffffffffffffffff

Linker script and memory map

LOAD c:/st/stm32cubeide_1.0.2/stm32cubeide/plugins/com.st.stm32cube.ide.mcu.externaltools.gnu-tools-for-stm32.7-2018-q2-update.win32_1.0.0.201904181610/tools/bin/../lib/gcc/arm-none-eabi/7.3.1/thumb/v7-m/crti.o
LOAD c:/st/stm32cubeide_1.0.2/stm32cubeide/plugins/com.st.stm32cube.ide.mcu.externaltools.gnu-tools-for-stm32.7-2018-q2-update.win32_1.0.0.201904181610/tools/bin/../lib/gcc/arm-none-eabi/7.3.1/thumb/v7-m/crtbegin.o
LOAD c:/st/stm32cubeide_1.0.2/stm32cubeide/plugins/com.st.stm32cube.ide.mcu.externaltools.gnu-tools-for-stm32.7-2018-q2-update.win32_1.0.0.201904181610/tools/bin/../lib/gcc/arm-none-eabi/7.3.1/../../../../arm-none-eabi/lib/thumb/v7-m/crt0.o
LOAD Drivers/STM32F1xx_HAL_Driver/Src/stm32f1xx_ll_dma.o
LOAD Drivers/STM32F1xx_HAL_Driver/Src/stm32f1xx_ll_exti.o
LOAD Drivers/STM32F1xx_HAL_Driver/Src/stm32f1xx_ll_gpio.o
LOAD Drivers/STM32F1xx_HAL_Driver/Src/stm32f1xx_ll_pwr.o
LOAD Drivers/STM32F1xx_HAL_Driver/Src/stm32f1xx_ll_rcc.o
LOAD Drivers/STM32F1xx_HAL_Driver/Src/stm32f1xx_ll_spi.o
LOAD Drivers/STM32F1xx_HAL_Driver/Src/stm32f1xx_ll_tim.o
LOAD Drivers/STM32F1xx_HAL_Driver/Src/stm32f1xx_ll_utils.o
LOAD Src/cpm_display.o
LOAD Src/ili9341_driver.o
LOAD Src/main.o
LOAD Src/stm32f1xx_it.o
LOAD Src/syscalls.o
LOAD Src/sysmem.o
LOAD Src/system_stm32f1xx.o
LOAD Startup/startup_stm32f103c8tx.o
START GROUP
LOAD c:/st/stm32cubeide_1.0.2/stm32cubeide/plugins/com.st.stm32cube.ide.mcu.externaltools.gnu-tools-for-stm32.7-2018-q2-update.win32_1.0.0.201904181610/tools/bin/../lib/gcc/arm-none-eabi/7.3.1/../../../../arm-none-eabi/lib/thumb/v7-m\libc_nano.a
LOAD c:/st/stm32cubeide_1.0.2/stm32cubeide/plugins/com.st.stm32cube.ide.mcu.externaltools.gnu-tools-for-stm32.7-2018-q2-update.win32_1.0.0.201904181610/tools/bin/../lib/gcc/arm-none-eabi/7.3.1/../../../../arm-none-eabi/lib/thumb/v7-m\libm.a
END GROUP
START GROUP
LOAD c:/st/stm32cubeide_1.0.2/stm32cubeide/plugins/com.st.stm32cube.ide.mcu.externaltools.gnu-tools-for-stm32.7-2018-q2-update.win32_1.0.0.201904181610/tools/bin/../lib/gcc/arm-none-eabi/7.3.1/thumb/v7-m\libgcc.a
LOAD c:/st/stm32cubeide_1.0.2/stm32cubeide/plugins/com.st.stm32cube.ide.mcu.externaltools.gnu-tools-for-stm32.7-2018-q2-update.win32_1.0.0.201904181610/tools/bin/../lib/gcc/arm-none-eabi/7.3.1/../../../../arm-none-eabi/lib/thumb/v7-m\libc_nano.a
END GROUP
START GROUP
LOAD c:/st/stm32cubeide_1.0.2/stm32cubeide/plugins/com.st.stm32cube.ide.mcu.externaltools.gnu-tools-for-stm32.7-2018-q2-update.win32_1.0.0.201904181610/tools/bin/../lib/gcc/arm-none-eabi/7.3.1/thumb/v7-m\libgcc.a
LOAD c:/st/stm32cubeide_1.0.2/stm32cubeide/plugins/com.st.stm32cube.ide.mcu.externaltools.gnu-tools-for-stm32.7-2018-q2-update.win32_1.0.0.201904181610/tools/bin/../lib/gcc/arm-none-eabi/7.3.1/../../../../arm-none-eabi/lib/thumb/v7-m\libc_nano.a
LOAD c:/st/stm32cubeide_1.0.2/stm32cubeide/plugins/com.st.stm32cube.ide.mcu.externaltools.gnu-tools-for-stm32.7-2018-q2-update.win32_1.0.0.201904181610/tools/bin/../lib/gcc/arm-none-eabi/7.3.1/../../../../arm-none-eabi/lib/thumb/v7-m\libnosys.a
END GROUP
START GROUP
LOAD c:/st/stm32cubeide_1.0.2/stm32cubeide/plugins/com.st.stm32cube.ide.mcu.externaltools.gnu-tools-for-stm32.7-2018-q2-update.win32_1.0.0.201904181610/tools/bin/../lib/gcc/arm-none-eabi/7.3.1/thumb/v7-m\libgcc.a
LOAD c:/st/stm32cubeide_1.0.2/stm32cubeide/plugins/com.st.stm32cube.ide.mcu.externaltools.gnu-tools-for-stm32.7-2018-q2-update.win32_1.0.0.201904181610/tools/bin/../lib/gcc/arm-none-eabi/7.3.1/../../../../arm-none-eabi/lib/thumb/v7-m\libc_nano.a
LOAD c:/st/stm32cubeide_1.0.2/stm32cubeide/plugins/com.st.stm32cube.ide.mcu.externaltools.gnu-tools-for-stm32.7-2018-q2-update.win32_1.0.0.201904181610/tools/bin/../lib/gcc/arm-none-eabi/7.3.1/../../../../arm-none-eabi/lib/thumb/v7-m\libnosys.a
END GROUP
LOAD c:/st/stm32cubeide_1.0.2/stm32cubeide/plugins/com.st.stm32cube.ide.mcu.externaltools.gnu-tools-for-stm32.7-2018-q2-update.win32_1.0.0.201904181610/tools/bin/../lib/gcc/arm-none-eabi/7.3.1/thumb/v7-m/crtend.o
LOAD c:/st/stm32cubeide_1.0.2/stm32cubeide/plugins/com.st.stm32cube.ide.mcu.externaltools.gnu-tools-for-stm32.7-2018-q2-update.win32_1.0.0.201904181610/tools/bin/../lib/gcc/arm-none-eabi/7.3.1/thumb/v7-m/crtn.o
                0x0000000020005000                _estack = 0x20005000
                0x0000000000000200                _Min_Heap_Size = 0x200
                0x0000000000000400                _Min_Stack_Size = 0x400

.isr_vector     0x0000000008000000      0x10c
                0x0000000008000000                . = ALIGN (0x4)
 *(.isr_vector)
 .isr_vector    0x0000000008000000      0x10c Startup/startup_stm32f103c8tx.o
                0x0000000008000000                g_pfnVectors
                0x000000000800010c                . = ALIGN (0x4)

.text           0x000000000800010c     0x2358
                0x000000000800010c                . = ALIGN (0x4)
 *(.text)
 .text          0x000000000800010c       0x40 c:/st/stm32cubeide_1.0.2/stm32cubeide/plugins/com.st.stm32cube.ide.mcu.externaltools.gnu-tools-for-stm32.7-2018-q2-update.win32_1.0.0.201904181610/tools/bin/../lib/gcc/arm-none-eabi/7.3.1/thumb/v7-m/crtbegin.o
 *(.text*)
 .text.LL_GPIO_SetPinMode
                0x000000000800014c       0x64 Drivers/STM32F1xx_HAL_Driver/Src/stm32f1xx_ll_gpio.o
 .text.LL_GPIO_SetPinSpeed
                0x00000000080001b0       0x64 Drivers/STM32F1xx_HAL_Driver/Src/stm32f1xx_ll_gpio.o
 .text.LL_GPIO_SetPinOutputType
                0x0000000008000214       0x64 Drivers/STM32F1xx_HAL_Driver/Src/stm32f1xx_ll_gpio.o
 .text.LL_GPIO_SetPinPull
                0x0000000008000278       0x44 Drivers/STM32F1xx_HAL_Driver/Src/stm32f1xx_ll_gpio.o
 .text.LL_GPIO_Init
                0x00000000080002bc       0xc4 Drivers/STM32F1xx_HAL_Driver/Src/stm32f1xx_ll_gpio.o
                0x00000000080002bc                LL_GPIO_Init
 .text.LL_SPI_IsEnabled
                0x0000000008000380       0x24 Drivers/STM32F1xx_HAL_Driver/Src/stm32f1xx_ll_spi.o
 .text.LL_SPI_SetCRCPolynomial
                0x00000000080003a4       0x1e Drivers/STM32F1xx_HAL_Driver/Src/stm32f1xx_ll_spi.o
 .text.LL_SPI_Init
                0x00000000080003c2       0x98 Drivers/STM32F1xx_HAL_Driver/Src/stm32f1xx_ll_spi.o
                0x00000000080003c2                LL_SPI_Init
 .text.LL_TIM_SetPrescaler
                0x000000000800045a       0x1a Drivers/STM32F1xx_HAL_Driver/Src/stm32f1xx_ll_tim.o
 .text.LL_TIM_SetAutoReload
                0x0000000008000474       0x1a Drivers/STM32F1xx_HAL_Driver/Src/stm32f1xx_ll_tim.o
 .text.LL_TIM_SetRepetitionCounter
                0x000000000800048e       0x1a Drivers/STM32F1xx_HAL_Driver/Src/stm32f1xx_ll_tim.o
 .text.LL_TIM_OC_SetCompareCH1
                0x00000000080004a8       0x1a Drivers/STM32F1xx_HAL_Driver/Src/stm32f1xx_ll_tim.o
 .text.LL_TIM_OC_SetCompareCH2
                0x00000000080004c2       0x1a Drivers/STM32F1xx_HAL_Driver/Src/stm32f1xx_ll_tim.o
 .text.LL_TIM_OC_SetCompareCH3
                0x00000000080004dc       0x1a Drivers/STM32F1xx_HAL_Driver/Src/stm32f1xx_ll_tim.o
 .text.LL_TIM_OC_SetCompareCH4
                0x00000000080004f6       0x1a Drivers/STM32F1xx_HAL_Driver/Src/stm32f1xx_ll_tim.o
 .text.LL_TIM_GenerateEvent_UPDATE
                0x0000000008000510       0x1e Drivers/STM32F1xx_HAL_Driver/Src/stm32f1xx_ll_tim.o
 *fill*         0x000000000800052e        0x2 
 .text.LL_TIM_Init
                0x0000000008000530       0xbc Drivers/STM32F1xx_HAL_Driver/Src/stm32f1xx_ll_tim.o
                0x0000000008000530                LL_TIM_Init
 .text.LL_TIM_OC_Init
                0x00000000080005ec       0x70 Drivers/STM32F1xx_HAL_Driver/Src/stm32f1xx_ll_tim.o
                0x00000000080005ec                LL_TIM_OC_Init
 .text.OC1Config
                0x000000000800065c       0xcc Drivers/STM32F1xx_HAL_Driver/Src/stm32f1xx_ll_tim.o
 .text.OC2Config
                0x0000000008000728       0xd4 Drivers/STM32F1xx_HAL_Driver/Src/stm32f1xx_ll_tim.o
 .text.OC3Config
                0x00000000080007fc       0xd4 Drivers/STM32F1xx_HAL_Driver/Src/stm32f1xx_ll_tim.o
 .text.OC4Config
                0x00000000080008d0       0xa4 Drivers/STM32F1xx_HAL_Driver/Src/stm32f1xx_ll_tim.o
 .text.LL_InitTick
                0x0000000008000974       0x34 Drivers/STM32F1xx_HAL_Driver/Src/stm32f1xx_ll_utils.o
 .text.LL_Init1msTick
                0x00000000080009a8       0x1a Drivers/STM32F1xx_HAL_Driver/Src/stm32f1xx_ll_utils.o
                0x00000000080009a8                LL_Init1msTick
 *fill*         0x00000000080009c2        0x2 
 .text.LL_mDelay
                0x00000000080009c4       0x48 Drivers/STM32F1xx_HAL_Driver/Src/stm32f1xx_ll_utils.o
                0x00000000080009c4                LL_mDelay
 .text.LL_SetSystemCoreClock
                0x0000000008000a0c       0x1c Drivers/STM32F1xx_HAL_Driver/Src/stm32f1xx_ll_utils.o
                0x0000000008000a0c                LL_SetSystemCoreClock
 .text.cpmdisp_scroll
                0x0000000008000a28       0x14 Src/cpm_display.o
                0x0000000008000a28                cpmdisp_scroll
 .text.drawsymbol
                0x0000000008000a3c      0x12c Src/cpm_display.o
 .text.cpmdisp_clear
                0x0000000008000b68       0x1e Src/cpm_display.o
                0x0000000008000b68                cpmdisp_clear
 *fill*         0x0000000008000b86        0x2 
 .text.cpmdisp_Init
                0x0000000008000b88       0x28 Src/cpm_display.o
                0x0000000008000b88                cpmdisp_Init
 .text.cpmdisp_putc
                0x0000000008000bb0       0xa4 Src/cpm_display.o
                0x0000000008000bb0                cpmdisp_putc
 .text.cpmdisp_puts
                0x0000000008000c54       0x32 Src/cpm_display.o
                0x0000000008000c54                cpmdisp_puts
 *fill*         0x0000000008000c86        0x2 
 .text.LL_DMA_EnableChannel
                0x0000000008000c88       0x3c Src/ili9341_driver.o
 .text.LL_DMA_SetMemoryIncMode
                0x0000000008000cc4       0x44 Src/ili9341_driver.o
 .text.LL_DMA_SetDataLength
                0x0000000008000d08       0x44 Src/ili9341_driver.o
 .text.LL_DMA_SetMemoryAddress
                0x0000000008000d4c       0x30 Src/ili9341_driver.o
 .text.LL_DMA_SetPeriphAddress
                0x0000000008000d7c       0x30 Src/ili9341_driver.o
 .text.LL_DMA_EnableIT_TC
                0x0000000008000dac       0x3c Src/ili9341_driver.o
 .text.LL_DMA_EnableIT_TE
                0x0000000008000de8       0x3c Src/ili9341_driver.o
 .text.LL_DMA_DisableIT_HT
                0x0000000008000e24       0x3c Src/ili9341_driver.o
 .text.LL_SPI_Enable
                0x0000000008000e60       0x1e Src/ili9341_driver.o
 .text.LL_SPI_SetDataWidth
                0x0000000008000e7e       0x24 Src/ili9341_driver.o
 .text.LL_SPI_EnableDMAReq_TX
                0x0000000008000ea2       0x1e Src/ili9341_driver.o
 .text.LL_SPI_DMA_GetRegAddr
                0x0000000008000ec0       0x16 Src/ili9341_driver.o
 .text.LL_SPI_TransmitData8
                0x0000000008000ed6       0x22 Src/ili9341_driver.o
 .text.LL_TIM_EnableCounter
                0x0000000008000ef8       0x1e Src/ili9341_driver.o
 .text.LL_TIM_CC_EnableChannel
                0x0000000008000f16       0x20 Src/ili9341_driver.o
 .text.LL_TIM_OC_SetCompareCH2
                0x0000000008000f36       0x1a Src/ili9341_driver.o
 .text.LL_GPIO_SetOutputPin
                0x0000000008000f50       0x1e Src/ili9341_driver.o
 .text.LL_GPIO_ResetOutputPin
                0x0000000008000f6e       0x1e Src/ili9341_driver.o
 .text.ILI9341_setLEDpwm
                0x0000000008000f8c       0x2c Src/ili9341_driver.o
 .text.ILI9341_sendCommand
                0x0000000008000fb8       0x44 Src/ili9341_driver.o
 .text.ILI9341_sendData
                0x0000000008000ffc       0x44 Src/ili9341_driver.o
 .text.ILI9341_Init
                0x0000000008001040      0x264 Src/ili9341_driver.o
                0x0000000008001040                ILI9341_Init
 .text.ILI9341_setFrame
                0x00000000080012a4       0xf4 Src/ili9341_driver.o
                0x00000000080012a4                ILI9341_setFrame
 .text.ILI9341_sendBuf
                0x0000000008001398       0xcc Src/ili9341_driver.o
                0x0000000008001398                ILI9341_sendBuf
 .text.ILI9341_fillArea
                0x0000000008001464       0xf0 Src/ili9341_driver.o
                0x0000000008001464                ILI9341_fillArea
 .text.__NVIC_SetPriorityGrouping
                0x0000000008001554       0x48 Src/main.o
 .text.__NVIC_GetPriorityGrouping
                0x000000000800159c       0x1c Src/main.o
 .text.__NVIC_EnableIRQ
                0x00000000080015b8       0x38 Src/main.o
 .text.__NVIC_SetPriority
                0x00000000080015f0       0x54 Src/main.o
 .text.NVIC_EncodePriority
                0x0000000008001644       0x64 Src/main.o
 .text.LL_DMA_SetDataTransferDirection
                0x00000000080016a8       0x48 Src/main.o
 .text.LL_DMA_SetMode
                0x00000000080016f0       0x44 Src/main.o
 .text.LL_DMA_SetPeriphIncMode
                0x0000000008001734       0x44 Src/main.o
 .text.LL_DMA_SetMemoryIncMode
                0x0000000008001778       0x44 Src/main.o
 .text.LL_DMA_SetPeriphSize
                0x00000000080017bc       0x44 Src/main.o
 .text.LL_DMA_SetMemorySize
                0x0000000008001800       0x44 Src/main.o
 .text.LL_DMA_SetChannelPriorityLevel
                0x0000000008001844       0x44 Src/main.o
 .text.LL_RCC_HSE_Enable
                0x0000000008001888       0x1c Src/main.o
 .text.LL_RCC_HSE_IsReady
                0x00000000080018a4       0x24 Src/main.o
 .text.LL_RCC_SetSysClkSource
                0x00000000080018c8       0x28 Src/main.o
 .text.LL_RCC_GetSysClkSource
                0x00000000080018f0       0x18 Src/main.o
 .text.LL_RCC_SetAHBPrescaler
                0x0000000008001908       0x28 Src/main.o
 .text.LL_RCC_SetAPB1Prescaler
                0x0000000008001930       0x28 Src/main.o
 .text.LL_RCC_SetAPB2Prescaler
                0x0000000008001958       0x28 Src/main.o
 .text.LL_RCC_PLL_Enable
                0x0000000008001980       0x1c Src/main.o
 .text.LL_RCC_PLL_IsReady
                0x000000000800199c       0x24 Src/main.o
 .text.LL_RCC_PLL_ConfigDomain_SYS
                0x00000000080019c0       0x30 Src/main.o
 .text.LL_AHB1_GRP1_EnableClock
                0x00000000080019f0       0x30 Src/main.o
 .text.LL_APB1_GRP1_EnableClock
                0x0000000008001a20       0x30 Src/main.o
 .text.LL_APB2_GRP1_EnableClock
                0x0000000008001a50       0x30 Src/main.o
 .text.LL_FLASH_SetLatency
                0x0000000008001a80       0x28 Src/main.o
 .text.LL_FLASH_GetLatency
                0x0000000008001aa8       0x18 Src/main.o
 .text.LL_SYSTICK_SetClkSource
                0x0000000008001ac0       0x38 Src/main.o
 .text.LL_TIM_DisableARRPreload
                0x0000000008001af8       0x1e Src/main.o
 *fill*         0x0000000008001b16        0x2 
 .text.LL_TIM_OC_DisableFast
                0x0000000008001b18       0x84 Src/main.o
 .text.LL_TIM_OC_EnablePreload
                0x0000000008001b9c       0x84 Src/main.o
 .text.LL_TIM_SetTriggerOutput
                0x0000000008001c20       0x24 Src/main.o
 .text.LL_TIM_DisableMasterSlaveMode
                0x0000000008001c44       0x1e Src/main.o
 .text.LL_GPIO_SetOutputPin
                0x0000000008001c62       0x1e Src/main.o
 .text.LL_GPIO_AF_DisableRemap_SWJ
                0x0000000008001c80       0x28 Src/main.o
 .text.main     0x0000000008001ca8       0x6c Src/main.o
                0x0000000008001ca8                main
 .text.SystemClock_Config
                0x0000000008001d14       0x84 Src/main.o
                0x0000000008001d14                SystemClock_Config
 .text.MX_SPI1_Init
                0x0000000008001d98      0x144 Src/main.o
 .text.MX_TIM2_Init
                0x0000000008001edc       0xd8 Src/main.o
 .text.MX_DMA_Init
                0x0000000008001fb4       0x4e Src/main.o
 *fill*         0x0000000008002002        0x2 
 .text.MX_GPIO_Init
                0x0000000008002004       0x8c Src/main.o
 .text.Error_Handler
                0x0000000008002090        0xc Src/main.o
                0x0000000008002090                Error_Handler
 .text.LL_DMA_DisableChannel
                0x000000000800209c       0x3c Src/stm32f1xx_it.o
 .text.LL_DMA_IsEnabledChannel
                0x00000000080020d8       0x38 Src/stm32f1xx_it.o
 .text.LL_DMA_IsActiveFlag_TE3
                0x0000000008002110       0x26 Src/stm32f1xx_it.o
 .text.LL_DMA_ClearFlag_TC3
                0x0000000008002136       0x1a Src/stm32f1xx_it.o
 .text.LL_DMA_ClearFlag_TE3
                0x0000000008002150       0x1a Src/stm32f1xx_it.o
 .text.LL_SPI_SetDataWidth
                0x000000000800216a       0x24 Src/stm32f1xx_it.o
 .text.LL_SPI_DisableDMAReq_TX
                0x000000000800218e       0x1e Src/stm32f1xx_it.o
 .text.LL_GPIO_SetOutputPin
                0x00000000080021ac       0x1e Src/stm32f1xx_it.o
 .text.LL_GPIO_ResetOutputPin
                0x00000000080021ca       0x1e Src/stm32f1xx_it.o
 .text.NMI_Handler
                0x00000000080021e8        0xc Src/stm32f1xx_it.o
                0x00000000080021e8                NMI_Handler
 .text.HardFault_Handler
                0x00000000080021f4        0x6 Src/stm32f1xx_it.o
                0x00000000080021f4                HardFault_Handler
 .text.MemManage_Handler
                0x00000000080021fa        0x6 Src/stm32f1xx_it.o
                0x00000000080021fa                MemManage_Handler
 .text.BusFault_Handler
                0x0000000008002200        0x6 Src/stm32f1xx_it.o
                0x0000000008002200                BusFault_Handler
 .text.UsageFault_Handler
                0x0000000008002206        0x6 Src/stm32f1xx_it.o
                0x0000000008002206                UsageFault_Handler
 .text.SVC_Handler
                0x000000000800220c        0xc Src/stm32f1xx_it.o
                0x000000000800220c                SVC_Handler
 .text.DebugMon_Handler
                0x0000000008002218        0xc Src/stm32f1xx_it.o
                0x0000000008002218                DebugMon_Handler
 .text.PendSV_Handler
                0x0000000008002224        0xc Src/stm32f1xx_it.o
                0x0000000008002224                PendSV_Handler
 .text.SysTick_Handler
                0x0000000008002230        0xc Src/stm32f1xx_it.o
                0x0000000008002230                SysTick_Handler
 .text.DMA1_Channel2_IRQHandler
                0x000000000800223c        0xc Src/stm32f1xx_it.o
                0x000000000800223c                DMA1_Channel2_IRQHandler
 .text.DMA1_Channel3_IRQHandler
                0x0000000008002248       0x78 Src/stm32f1xx_it.o
                0x0000000008002248                DMA1_Channel3_IRQHandler
 .text.SystemInit
                0x00000000080022c0       0x68 Src/system_stm32f1xx.o
                0x00000000080022c0                SystemInit
 .text.Reset_Handler
                0x0000000008002328       0x48 Startup/startup_stm32f103c8tx.o
                0x0000000008002328                Reset_Handler
 .text.Default_Handler
                0x0000000008002370        0x2 Startup/startup_stm32f103c8tx.o
                0x0000000008002370                RTC_Alarm_IRQHandler
                0x0000000008002370                EXTI2_IRQHandler
                0x0000000008002370                TIM1_CC_IRQHandler
                0x0000000008002370                PVD_IRQHandler
                0x0000000008002370                EXTI3_IRQHandler
                0x0000000008002370                EXTI0_IRQHandler
                0x0000000008002370                I2C2_EV_IRQHandler
                0x0000000008002370                ADC1_2_IRQHandler
                0x0000000008002370                SPI1_IRQHandler
                0x0000000008002370                TAMPER_IRQHandler
                0x0000000008002370                DMA1_Channel4_IRQHandler
                0x0000000008002370                USART3_IRQHandler
                0x0000000008002370                RTC_IRQHandler
                0x0000000008002370                DMA1_Channel7_IRQHandler
                0x0000000008002370                CAN1_RX1_IRQHandler
                0x0000000008002370                TIM4_IRQHandler
                0x0000000008002370                I2C1_EV_IRQHandler
                0x0000000008002370                DMA1_Channel6_IRQHandler
                0x0000000008002370                TIM3_IRQHandler
                0x0000000008002370                RCC_IRQHandler
                0x0000000008002370                TIM1_TRG_COM_IRQHandler
                0x0000000008002370                DMA1_Channel1_IRQHandler
                0x0000000008002370                Default_Handler
                0x0000000008002370                EXTI15_10_IRQHandler
                0x0000000008002370                EXTI9_5_IRQHandler
                0x0000000008002370                SPI2_IRQHandler
                0x0000000008002370                DMA1_Channel5_IRQHandler
                0x0000000008002370                EXTI4_IRQHandler
                0x0000000008002370                USB_LP_CAN1_RX0_IRQHandler
                0x0000000008002370                USB_HP_CAN1_TX_IRQHandler
                0x0000000008002370                TIM1_UP_IRQHandler
                0x0000000008002370                WWDG_IRQHandler
                0x0000000008002370                TIM2_IRQHandler
                0x0000000008002370                TIM1_BRK_IRQHandler
                0x0000000008002370                EXTI1_IRQHandler
                0x0000000008002370                USART2_IRQHandler
                0x0000000008002370                I2C2_ER_IRQHandler
                0x0000000008002370                CAN1_SCE_IRQHandler
                0x0000000008002370                FLASH_IRQHandler
                0x0000000008002370                USART1_IRQHandler
                0x0000000008002370                I2C1_ER_IRQHandler
                0x0000000008002370                USBWakeUp_IRQHandler
 *fill*         0x0000000008002372        0x2 
 .text.__libc_init_array
                0x0000000008002374       0x48 c:/st/stm32cubeide_1.0.2/stm32cubeide/plugins/com.st.stm32cube.ide.mcu.externaltools.gnu-tools-for-stm32.7-2018-q2-update.win32_1.0.0.201904181610/tools/bin/../lib/gcc/arm-none-eabi/7.3.1/../../../../arm-none-eabi/lib/thumb/v7-m\libc_nano.a(lib_a-init.o)
                0x0000000008002374                __libc_init_array
 .text.memset   0x00000000080023bc       0x10 c:/st/stm32cubeide_1.0.2/stm32cubeide/plugins/com.st.stm32cube.ide.mcu.externaltools.gnu-tools-for-stm32.7-2018-q2-update.win32_1.0.0.201904181610/tools/bin/../lib/gcc/arm-none-eabi/7.3.1/../../../../arm-none-eabi/lib/thumb/v7-m\libc_nano.a(lib_a-memset.o)
                0x00000000080023bc                memset
 .text.__utoa   0x00000000080023cc       0x7c c:/st/stm32cubeide_1.0.2/stm32cubeide/plugins/com.st.stm32cube.ide.mcu.externaltools.gnu-tools-for-stm32.7-2018-q2-update.win32_1.0.0.201904181610/tools/bin/../lib/gcc/arm-none-eabi/7.3.1/../../../../arm-none-eabi/lib/thumb/v7-m\libc_nano.a(lib_a-utoa.o)
                0x00000000080023cc                __utoa
 .text.utoa     0x0000000008002448        0x4 c:/st/stm32cubeide_1.0.2/stm32cubeide/plugins/com.st.stm32cube.ide.mcu.externaltools.gnu-tools-for-stm32.7-2018-q2-update.win32_1.0.0.201904181610/tools/bin/../lib/gcc/arm-none-eabi/7.3.1/../../../../arm-none-eabi/lib/thumb/v7-m\libc_nano.a(lib_a-utoa.o)
                0x0000000008002448                utoa
 *(.glue_7)
 .glue_7        0x000000000800244c        0x0 linker stubs
 *(.glue_7t)
 .glue_7t       0x000000000800244c        0x0 linker stubs
 *(.eh_frame)
 .eh_frame      0x000000000800244c        0x0 c:/st/stm32cubeide_1.0.2/stm32cubeide/plugins/com.st.stm32cube.ide.mcu.externaltools.gnu-tools-for-stm32.7-2018-q2-update.win32_1.0.0.201904181610/tools/bin/../lib/gcc/arm-none-eabi/7.3.1/thumb/v7-m/crtbegin.o
 *(.init)
 .init          0x000000000800244c        0x4 c:/st/stm32cubeide_1.0.2/stm32cubeide/plugins/com.st.stm32cube.ide.mcu.externaltools.gnu-tools-for-stm32.7-2018-q2-update.win32_1.0.0.201904181610/tools/bin/../lib/gcc/arm-none-eabi/7.3.1/thumb/v7-m/crti.o
                0x000000000800244c                _init
 .init          0x0000000008002450        0x8 c:/st/stm32cubeide_1.0.2/stm32cubeide/plugins/com.st.stm32cube.ide.mcu.externaltools.gnu-tools-for-stm32.7-2018-q2-update.win32_1.0.0.201904181610/tools/bin/../lib/gcc/arm-none-eabi/7.3.1/thumb/v7-m/crtn.o
 *(.fini)
 .fini          0x0000000008002458        0x4 c:/st/stm32cubeide_1.0.2/stm32cubeide/plugins/com.st.stm32cube.ide.mcu.externaltools.gnu-tools-for-stm32.7-2018-q2-update.win32_1.0.0.201904181610/tools/bin/../lib/gcc/arm-none-eabi/7.3.1/thumb/v7-m/crti.o
                0x0000000008002458                _fini
 .fini          0x000000000800245c        0x8 c:/st/stm32cubeide_1.0.2/stm32cubeide/plugins/com.st.stm32cube.ide.mcu.externaltools.gnu-tools-for-stm32.7-2018-q2-update.win32_1.0.0.201904181610/tools/bin/../lib/gcc/arm-none-eabi/7.3.1/thumb/v7-m/crtn.o
                0x0000000008002464                . = ALIGN (0x4)
                0x0000000008002464                _etext = .

.vfp11_veneer   0x0000000008002464        0x0
 .vfp11_veneer  0x0000000008002464        0x0 linker stubs

.v4_bx          0x0000000008002464        0x0
 .v4_bx         0x0000000008002464        0x0 linker stubs

.iplt           0x0000000008002464        0x0
 .iplt          0x0000000008002464        0x0 c:/st/stm32cubeide_1.0.2/stm32cubeide/plugins/com.st.stm32cube.ide.mcu.externaltools.gnu-tools-for-stm32.7-2018-q2-update.win32_1.0.0.201904181610/tools/bin/../lib/gcc/arm-none-eabi/7.3.1/thumb/v7-m/crtbegin.o

.rodata         0x0000000008002464      0x34c
                0x0000000008002464                . = ALIGN (0x4)
 *(.rodata)
 *(.rodata*)
 .rodata.font   0x0000000008002464      0x300 Src/cpm_display.o
 .rodata.CHANNEL_OFFSET_TAB
                0x0000000008002764        0x7 Src/ili9341_driver.o
 *fill*         0x000000000800276b        0x1 
 .rodata.CHANNEL_OFFSET_TAB
                0x000000000800276c        0x7 Src/main.o
 *fill*         0x0000000008002773        0x1 
 .rodata.OFFSET_TAB_CCMRx
                0x0000000008002774        0x7 Src/main.o
 *fill*         0x000000000800277b        0x1 
 .rodata.SHIFT_TAB_OCxx
                0x000000000800277c        0x7 Src/main.o
 *fill*         0x0000000008002783        0x1 
 .rodata.CHANNEL_OFFSET_TAB
                0x0000000008002784        0x7 Src/stm32f1xx_it.o
 .rodata.__utoa.str1.1
                0x000000000800278b       0x25 c:/st/stm32cubeide_1.0.2/stm32cubeide/plugins/com.st.stm32cube.ide.mcu.externaltools.gnu-tools-for-stm32.7-2018-q2-update.win32_1.0.0.201904181610/tools/bin/../lib/gcc/arm-none-eabi/7.3.1/../../../../arm-none-eabi/lib/thumb/v7-m\libc_nano.a(lib_a-utoa.o)
                0x00000000080027b0                . = ALIGN (0x4)

.rel.dyn        0x00000000080027b0        0x0
 .rel.iplt      0x00000000080027b0        0x0 c:/st/stm32cubeide_1.0.2/stm32cubeide/plugins/com.st.stm32cube.ide.mcu.externaltools.gnu-tools-for-stm32.7-2018-q2-update.win32_1.0.0.201904181610/tools/bin/../lib/gcc/arm-none-eabi/7.3.1/thumb/v7-m/crtbegin.o

.ARM.extab      0x00000000080027b0        0x0
                0x00000000080027b0                . = ALIGN (0x4)
 *(.ARM.extab* .gnu.linkonce.armextab.*)
                0x00000000080027b0                . = ALIGN (0x4)

.ARM            0x00000000080027b0        0x0
                0x00000000080027b0                . = ALIGN (0x4)
                0x00000000080027b0                __exidx_start = .
 *(.ARM.exidx*)
                0x00000000080027b0                __exidx_end = .
                0x00000000080027b0                . = ALIGN (0x4)

.preinit_array  0x00000000080027b0        0x0
                0x00000000080027b0                . = ALIGN (0x4)
                0x00000000080027b0                PROVIDE (__preinit_array_start = .)
 *(.preinit_array*)
                0x00000000080027b0                PROVIDE (__preinit_array_end = .)
                0x00000000080027b0                . = ALIGN (0x4)

.init_array     0x00000000080027b0        0x4
                0x00000000080027b0                . = ALIGN (0x4)
                0x00000000080027b0                PROVIDE (__init_array_start = .)
 *(SORT_BY_NAME(.init_array.*))
 *(.init_array*)
 .init_array    0x00000000080027b0        0x4 c:/st/stm32cubeide_1.0.2/stm32cubeide/plugins/com.st.stm32cube.ide.mcu.externaltools.gnu-tools-for-stm32.7-2018-q2-update.win32_1.0.0.201904181610/tools/bin/../lib/gcc/arm-none-eabi/7.3.1/thumb/v7-m/crtbegin.o
                0x00000000080027b4                PROVIDE (__init_array_end = .)
                0x00000000080027b4                . = ALIGN (0x4)

.fini_array     0x00000000080027b4        0x4
                0x00000000080027b4                . = ALIGN (0x4)
                [!provide]                        PROVIDE (__fini_array_start = .)
 *(SORT_BY_NAME(.fini_array.*))
 *(.fini_array*)
 .fini_array    0x00000000080027b4        0x4 c:/st/stm32cubeide_1.0.2/stm32cubeide/plugins/com.st.stm32cube.ide.mcu.externaltools.gnu-tools-for-stm32.7-2018-q2-update.win32_1.0.0.201904181610/tools/bin/../lib/gcc/arm-none-eabi/7.3.1/thumb/v7-m/crtbegin.o
                [!provide]                        PROVIDE (__fini_array_end = .)
                0x00000000080027b8                . = ALIGN (0x4)
                0x00000000080027b8                _sidata = LOADADDR (.data)

.data           0x0000000020000000        0x4 load address 0x00000000080027b8
                0x0000000020000000                . = ALIGN (0x4)
                0x0000000020000000                _sdata = .
 *(.data)
 *(.data*)
 .data.SystemCoreClock
                0x0000000020000000        0x4 Src/system_stm32f1xx.o
                0x0000000020000000                SystemCoreClock
                0x0000000020000004                . = ALIGN (0x4)
                0x0000000020000004                _edata = .

.igot.plt       0x0000000020000004        0x0 load address 0x00000000080027bc
 .igot.plt      0x0000000020000004        0x0 c:/st/stm32cubeide_1.0.2/stm32cubeide/plugins/com.st.stm32cube.ide.mcu.externaltools.gnu-tools-for-stm32.7-2018-q2-update.win32_1.0.0.201904181610/tools/bin/../lib/gcc/arm-none-eabi/7.3.1/thumb/v7-m/crtbegin.o
                0x0000000020000004                . = ALIGN (0x4)

.bss            0x0000000020000004       0x24 load address 0x00000000080027bc
                0x0000000020000004                _sbss = .
                0x0000000020000004                __bss_start__ = _sbss
 *(.bss)
 .bss           0x0000000020000004       0x1c c:/st/stm32cubeide_1.0.2/stm32cubeide/plugins/com.st.stm32cube.ide.mcu.externaltools.gnu-tools-for-stm32.7-2018-q2-update.win32_1.0.0.201904181610/tools/bin/../lib/gcc/arm-none-eabi/7.3.1/thumb/v7-m/crtbegin.o
 *(.bss*)
 .bss.cpos      0x0000000020000020        0x2 Src/cpm_display.o
 .bss.ILI9341_DMA_busy
                0x0000000020000022        0x1 Src/ili9341_driver.o
                0x0000000020000022                ILI9341_DMA_busy
 *fill*         0x0000000020000023        0x1 
 .bss.fcolor    0x0000000020000024        0x2 Src/ili9341_driver.o
 *(COMMON)
                0x0000000020000028                . = ALIGN (0x4)
 *fill*         0x0000000020000026        0x2 
                0x0000000020000028                _ebss = .
                0x0000000020000028                __bss_end__ = _ebss

._user_heap_stack
                0x0000000020000028      0x600 load address 0x00000000080027bc
                0x0000000020000028                . = ALIGN (0x8)
                0x0000000020000028                PROVIDE (end = .)
                [!provide]                        PROVIDE (_end = .)
                0x0000000020000228                . = (. + _Min_Heap_Size)
 *fill*         0x0000000020000028      0x200 
                0x0000000020000628                . = (. + _Min_Stack_Size)
 *fill*         0x0000000020000228      0x400 
                0x0000000020000628                . = ALIGN (0x8)

/DISCARD/
 libc.a(*)
 libm.a(*)
 libgcc.a(*)

.ARM.attributes
                0x0000000000000000       0x29
 *(.ARM.attributes)
 .ARM.attributes
                0x0000000000000000       0x1d c:/st/stm32cubeide_1.0.2/stm32cubeide/plugins/com.st.stm32cube.ide.mcu.externaltools.gnu-tools-for-stm32.7-2018-q2-update.win32_1.0.0.201904181610/tools/bin/../lib/gcc/arm-none-eabi/7.3.1/thumb/v7-m/crti.o
 .ARM.attributes
                0x000000000000001d       0x2d c:/st/stm32cubeide_1.0.2/stm32cubeide/plugins/com.st.stm32cube.ide.mcu.externaltools.gnu-tools-for-stm32.7-2018-q2-update.win32_1.0.0.201904181610/tools/bin/../lib/gcc/arm-none-eabi/7.3.1/thumb/v7-m/crtbegin.o
 .ARM.attributes
                0x000000000000004a       0x33 Drivers/STM32F1xx_HAL_Driver/Src/stm32f1xx_ll_gpio.o
 .ARM.attributes
                0x000000000000007d       0x33 Drivers/STM32F1xx_HAL_Driver/Src/stm32f1xx_ll_spi.o
 .ARM.attributes
                0x00000000000000b0       0x33 Drivers/STM32F1xx_HAL_Driver/Src/stm32f1xx_ll_tim.o
 .ARM.attributes
                0x00000000000000e3       0x33 Drivers/STM32F1xx_HAL_Driver/Src/stm32f1xx_ll_utils.o
 .ARM.attributes
                0x0000000000000116       0x33 Src/cpm_display.o
 .ARM.attributes
                0x0000000000000149       0x33 Src/ili9341_driver.o
 .ARM.attributes
                0x000000000000017c       0x33 Src/main.o
 .ARM.attributes
                0x00000000000001af       0x33 Src/stm32f1xx_it.o
 .ARM.attributes
                0x00000000000001e2       0x33 Src/system_stm32f1xx.o
 .ARM.attributes
                0x0000000000000215       0x21 Startup/startup_stm32f103c8tx.o
 .ARM.attributes
                0x0000000000000236       0x2d c:/st/stm32cubeide_1.0.2/stm32cubeide/plugins/com.st.stm32cube.ide.mcu.externaltools.gnu-tools-for-stm32.7-2018-q2-update.win32_1.0.0.201904181610/tools/bin/../lib/gcc/arm-none-eabi/7.3.1/../../../../arm-none-eabi/lib/thumb/v7-m\libc_nano.a(lib_a-init.o)
 .ARM.attributes
                0x0000000000000263       0x2d c:/st/stm32cubeide_1.0.2/stm32cubeide/plugins/com.st.stm32cube.ide.mcu.externaltools.gnu-tools-for-stm32.7-2018-q2-update.win32_1.0.0.201904181610/tools/bin/../lib/gcc/arm-none-eabi/7.3.1/../../../../arm-none-eabi/lib/thumb/v7-m\libc_nano.a(lib_a-memset.o)
 .ARM.attributes
                0x0000000000000290       0x2d c:/st/stm32cubeide_1.0.2/stm32cubeide/plugins/com.st.stm32cube.ide.mcu.externaltools.gnu-tools-for-stm32.7-2018-q2-update.win32_1.0.0.201904181610/tools/bin/../lib/gcc/arm-none-eabi/7.3.1/../../../../arm-none-eabi/lib/thumb/v7-m\libc_nano.a(lib_a-utoa.o)
 .ARM.attributes
                0x00000000000002bd       0x1d c:/st/stm32cubeide_1.0.2/stm32cubeide/plugins/com.st.stm32cube.ide.mcu.externaltools.gnu-tools-for-stm32.7-2018-q2-update.win32_1.0.0.201904181610/tools/bin/../lib/gcc/arm-none-eabi/7.3.1/thumb/v7-m/crtn.o
OUTPUT(ZX_and_CPM_on_STM32.elf elf32-littlearm)

.debug_info     0x0000000000000000     0x534e
 .debug_info    0x0000000000000000      0x670 Drivers/STM32F1xx_HAL_Driver/Src/stm32f1xx_ll_gpio.o
 .debug_info    0x0000000000000670      0x48f Drivers/STM32F1xx_HAL_Driver/Src/stm32f1xx_ll_spi.o
 .debug_info    0x0000000000000aff      0xdfa Drivers/STM32F1xx_HAL_Driver/Src/stm32f1xx_ll_tim.o
 .debug_info    0x00000000000018f9      0x775 Drivers/STM32F1xx_HAL_Driver/Src/stm32f1xx_ll_utils.o
 .debug_info    0x000000000000206e      0x34b Src/cpm_display.o
 .debug_info    0x00000000000023b9      0xa42 Src/ili9341_driver.o
 .debug_info    0x0000000000002dfb     0x1bcf Src/main.o
 .debug_info    0x00000000000049ca      0x57d Src/stm32f1xx_it.o
 .debug_info    0x0000000000004f47      0x3e5 Src/system_stm32f1xx.o
 .debug_info    0x000000000000532c       0x22 Startup/startup_stm32f103c8tx.o

.debug_abbrev   0x0000000000000000     0x10d2
 .debug_abbrev  0x0000000000000000      0x210 Drivers/STM32F1xx_HAL_Driver/Src/stm32f1xx_ll_gpio.o
 .debug_abbrev  0x0000000000000210      0x195 Drivers/STM32F1xx_HAL_Driver/Src/stm32f1xx_ll_spi.o
 .debug_abbrev  0x00000000000003a5      0x1ff Drivers/STM32F1xx_HAL_Driver/Src/stm32f1xx_ll_tim.o
 .debug_abbrev  0x00000000000005a4      0x211 Drivers/STM32F1xx_HAL_Driver/Src/stm32f1xx_ll_utils.o
 .debug_abbrev  0x00000000000007b5      0x155 Src/cpm_display.o
 .debug_abbrev  0x000000000000090a      0x1d2 Src/ili9341_driver.o
 .debug_abbrev  0x0000000000000adc      0x34c Src/main.o
 .debug_abbrev  0x0000000000000e28      0x164 Src/stm32f1xx_it.o
 .debug_abbrev  0x0000000000000f8c      0x134 Src/system_stm32f1xx.o
 .debug_abbrev  0x00000000000010c0       0x12 Startup/startup_stm32f103c8tx.o

.debug_aranges  0x0000000000000000      0x680
 .debug_aranges
                0x0000000000000000       0x60 Drivers/STM32F1xx_HAL_Driver/Src/stm32f1xx_ll_gpio.o
 .debug_aranges
                0x0000000000000060       0x60 Drivers/STM32F1xx_HAL_Driver/Src/stm32f1xx_ll_spi.o
 .debug_aranges
                0x00000000000000c0      0x128 Drivers/STM32F1xx_HAL_Driver/Src/stm32f1xx_ll_tim.o
 .debug_aranges
                0x00000000000001e8       0xf0 Drivers/STM32F1xx_HAL_Driver/Src/stm32f1xx_ll_utils.o
 .debug_aranges
                0x00000000000002d8       0x50 Src/cpm_display.o
 .debug_aranges
                0x0000000000000328       0xe8 Src/ili9341_driver.o
 .debug_aranges
                0x0000000000000410      0x168 Src/main.o
 .debug_aranges
                0x0000000000000578       0xb8 Src/stm32f1xx_it.o
 .debug_aranges
                0x0000000000000630       0x28 Src/system_stm32f1xx.o
 .debug_aranges
                0x0000000000000658       0x28 Startup/startup_stm32f103c8tx.o

.debug_ranges   0x0000000000000000      0x5e8
 .debug_ranges  0x0000000000000000       0x50 Drivers/STM32F1xx_HAL_Driver/Src/stm32f1xx_ll_gpio.o
 .debug_ranges  0x0000000000000050       0x50 Drivers/STM32F1xx_HAL_Driver/Src/stm32f1xx_ll_spi.o
 .debug_ranges  0x00000000000000a0      0x118 Drivers/STM32F1xx_HAL_Driver/Src/stm32f1xx_ll_tim.o
 .debug_ranges  0x00000000000001b8       0xe0 Drivers/STM32F1xx_HAL_Driver/Src/stm32f1xx_ll_utils.o
 .debug_ranges  0x0000000000000298       0x40 Src/cpm_display.o
 .debug_ranges  0x00000000000002d8       0xd8 Src/ili9341_driver.o
 .debug_ranges  0x00000000000003b0      0x158 Src/main.o
 .debug_ranges  0x0000000000000508       0xa8 Src/stm32f1xx_it.o
 .debug_ranges  0x00000000000005b0       0x18 Src/system_stm32f1xx.o
 .debug_ranges  0x00000000000005c8       0x20 Startup/startup_stm32f103c8tx.o

.debug_macro    0x0000000000000000     0x2dea
 .debug_macro   0x0000000000000000       0xf8 Drivers/STM32F1xx_HAL_Driver/Src/stm32f1xx_ll_gpio.o
 .debug_macro   0x00000000000000f8      0x224 Drivers/STM32F1xx_HAL_Driver/Src/stm32f1xx_ll_gpio.o
 .debug_macro   0x000000000000031c      0x125 Drivers/STM32F1xx_HAL_Driver/Src/stm32f1xx_ll_spi.o
 .debug_macro   0x0000000000000441      0x110 Drivers/STM32F1xx_HAL_Driver/Src/stm32f1xx_ll_spi.o
 .debug_macro   0x0000000000000551      0x2be Drivers/STM32F1xx_HAL_Driver/Src/stm32f1xx_ll_spi.o
 .debug_macro   0x000000000000080f      0x147 Drivers/STM32F1xx_HAL_Driver/Src/stm32f1xx_ll_tim.o
 .debug_macro   0x0000000000000956      0x574 Drivers/STM32F1xx_HAL_Driver/Src/stm32f1xx_ll_tim.o
 .debug_macro   0x0000000000000eca      0x133 Drivers/STM32F1xx_HAL_Driver/Src/stm32f1xx_ll_utils.o
 .debug_macro   0x0000000000000ffd       0x2a Drivers/STM32F1xx_HAL_Driver/Src/stm32f1xx_ll_utils.o
 .debug_macro   0x0000000000001027       0x74 Drivers/STM32F1xx_HAL_Driver/Src/stm32f1xx_ll_utils.o
 .debug_macro   0x000000000000109b      0x15b Src/cpm_display.o
 .debug_macro   0x00000000000011f6       0xd0 Src/cpm_display.o
 .debug_macro   0x00000000000012c6       0x28 Src/cpm_display.o
 .debug_macro   0x00000000000012ee       0x90 Src/cpm_display.o
 .debug_macro   0x000000000000137e      0x116 Src/cpm_display.o
 .debug_macro   0x0000000000001494      0x57a Src/cpm_display.o
 .debug_macro   0x0000000000001a0e      0x22a Src/cpm_display.o
 .debug_macro   0x0000000000001c38       0x46 Src/cpm_display.o
 .debug_macro   0x0000000000001c7e      0x298 Src/cpm_display.o
 .debug_macro   0x0000000000001f16       0x4c Src/cpm_display.o
 .debug_macro   0x0000000000001f62       0x52 Src/cpm_display.o
 .debug_macro   0x0000000000001fb4      0x14c Src/ili9341_driver.o
 .debug_macro   0x0000000000002100       0x4c Src/ili9341_driver.o
 .debug_macro   0x000000000000214c      0x223 Src/main.o
 .debug_macro   0x000000000000236f       0x18 Src/main.o
 .debug_macro   0x0000000000002387       0x46 Src/main.o
 .debug_macro   0x00000000000023cd       0x3c Src/main.o
 .debug_macro   0x0000000000002409       0x34 Src/main.o
 .debug_macro   0x000000000000243d       0x16 Src/main.o
 .debug_macro   0x0000000000002453      0x10e Src/main.o
 .debug_macro   0x0000000000002561       0x8d Src/main.o
 .debug_macro   0x00000000000025ee       0x52 Src/main.o
 .debug_macro   0x0000000000002640       0x1f Src/main.o
 .debug_macro   0x000000000000265f       0x43 Src/main.o
 .debug_macro   0x00000000000026a2       0x20 Src/main.o
 .debug_macro   0x00000000000026c2      0x1a3 Src/main.o
 .debug_macro   0x0000000000002865      0x32a Src/main.o
 .debug_macro   0x0000000000002b8f       0x16 Src/main.o
 .debug_macro   0x0000000000002ba5       0x29 Src/main.o
 .debug_macro   0x0000000000002bce      0x15a Src/stm32f1xx_it.o
 .debug_macro   0x0000000000002d28       0xc2 Src/system_stm32f1xx.o

.debug_line     0x0000000000000000     0x41d3
 .debug_line    0x0000000000000000      0x600 Drivers/STM32F1xx_HAL_Driver/Src/stm32f1xx_ll_gpio.o
 .debug_line    0x0000000000000600      0x59f Drivers/STM32F1xx_HAL_Driver/Src/stm32f1xx_ll_spi.o
 .debug_line    0x0000000000000b9f      0x85a Drivers/STM32F1xx_HAL_Driver/Src/stm32f1xx_ll_tim.o
 .debug_line    0x00000000000013f9      0x729 Drivers/STM32F1xx_HAL_Driver/Src/stm32f1xx_ll_utils.o
 .debug_line    0x0000000000001b22      0x66e Src/cpm_display.o
 .debug_line    0x0000000000002190      0x84a Src/ili9341_driver.o
 .debug_line    0x00000000000029da      0xba8 Src/main.o
 .debug_line    0x0000000000003582      0x74a Src/stm32f1xx_it.o
 .debug_line    0x0000000000003ccc      0x488 Src/system_stm32f1xx.o
 .debug_line    0x0000000000004154       0x7f Startup/startup_stm32f103c8tx.o

.debug_str      0x0000000000000000    0x63136
 .debug_str     0x0000000000000000    0x55981 Drivers/STM32F1xx_HAL_Driver/Src/stm32f1xx_ll_gpio.o
                                      0x55bf5 (size before relaxing)
 .debug_str     0x0000000000055981     0x1f90 Drivers/STM32F1xx_HAL_Driver/Src/stm32f1xx_ll_spi.o
                                      0x567d8 (size before relaxing)
 .debug_str     0x0000000000057911     0x409b Drivers/STM32F1xx_HAL_Driver/Src/stm32f1xx_ll_tim.o
                                      0x5893a (size before relaxing)
 .debug_str     0x000000000005b9ac     0x1037 Drivers/STM32F1xx_HAL_Driver/Src/stm32f1xx_ll_utils.o
                                      0x563ee (size before relaxing)
 .debug_str     0x000000000005c9e3     0x2a4b Src/cpm_display.o
                                      0x5cacd (size before relaxing)
 .debug_str     0x000000000005f42e      0x283 Src/ili9341_driver.o
                                      0x5cc76 (size before relaxing)
 .debug_str     0x000000000005f6b1     0x3873 Src/main.o
                                      0x608e5 (size before relaxing)
 .debug_str     0x0000000000062f24      0x172 Src/stm32f1xx_it.o
                                      0x5cb3d (size before relaxing)
 .debug_str     0x0000000000063096       0x6f Src/system_stm32f1xx.o
                                      0x542fb (size before relaxing)
 .debug_str     0x0000000000063105       0x31 Startup/startup_stm32f103c8tx.o
                                         0x62 (size before relaxing)

.comment        0x0000000000000000       0x7b
 .comment       0x0000000000000000       0x7b Drivers/STM32F1xx_HAL_Driver/Src/stm32f1xx_ll_gpio.o
                                         0x7c (size before relaxing)
 .comment       0x000000000000007b       0x7c Drivers/STM32F1xx_HAL_Driver/Src/stm32f1xx_ll_spi.o
 .comment       0x000000000000007b       0x7c Drivers/STM32F1xx_HAL_Driver/Src/stm32f1xx_ll_tim.o
 .comment       0x000000000000007b       0x7c Drivers/STM32F1xx_HAL_Driver/Src/stm32f1xx_ll_utils.o
 .comment       0x000000000000007b       0x7c Src/cpm_display.o
 .comment       0x000000000000007b       0x7c Src/ili9341_driver.o
 .comment       0x000000000000007b       0x7c Src/main.o
 .comment       0x000000000000007b       0x7c Src/stm32f1xx_it.o
 .comment       0x000000000000007b       0x7c Src/system_stm32f1xx.o

.debug_frame    0x0000000000000000     0x1ae4
 .debug_frame   0x0000000000000000      0x170 Drivers/STM32F1xx_HAL_Driver/Src/stm32f1xx_ll_gpio.o
 .debug_frame   0x0000000000000170      0x170 Drivers/STM32F1xx_HAL_Driver/Src/stm32f1xx_ll_spi.o
 .debug_frame   0x00000000000002e0      0x538 Drivers/STM32F1xx_HAL_Driver/Src/stm32f1xx_ll_tim.o
 .debug_frame   0x0000000000000818      0x3dc Drivers/STM32F1xx_HAL_Driver/Src/stm32f1xx_ll_utils.o
 .debug_frame   0x0000000000000bf4      0x114 Src/cpm_display.o
 .debug_frame   0x0000000000000d08      0x408 Src/ili9341_driver.o
 .debug_frame   0x0000000000001110      0x634 Src/main.o
 .debug_frame   0x0000000000001744      0x2b4 Src/stm32f1xx_it.o
 .debug_frame   0x00000000000019f8       0x58 Src/system_stm32f1xx.o
 .debug_frame   0x0000000000001a50       0x2c c:/st/stm32cubeide_1.0.2/stm32cubeide/plugins/com.st.stm32cube.ide.mcu.externaltools.gnu-tools-for-stm32.7-2018-q2-update.win32_1.0.0.201904181610/tools/bin/../lib/gcc/arm-none-eabi/7.3.1/../../../../arm-none-eabi/lib/thumb/v7-m\libc_nano.a(lib_a-init.o)
 .debug_frame   0x0000000000001a7c       0x20 c:/st/stm32cubeide_1.0.2/stm32cubeide/plugins/com.st.stm32cube.ide.mcu.externaltools.gnu-tools-for-stm32.7-2018-q2-update.win32_1.0.0.201904181610/tools/bin/../lib/gcc/arm-none-eabi/7.3.1/../../../../arm-none-eabi/lib/thumb/v7-m\libc_nano.a(lib_a-memset.o)
 .debug_frame   0x0000000000001a9c       0x48 c:/st/stm32cubeide_1.0.2/stm32cubeide/plugins/com.st.stm32cube.ide.mcu.externaltools.gnu-tools-for-stm32.7-2018-q2-update.win32_1.0.0.201904181610/tools/bin/../lib/gcc/arm-none-eabi/7.3.1/../../../../arm-none-eabi/lib/thumb/v7-m\libc_nano.a(lib_a-utoa.o)
