stm32f1xx_ll_dma.h:454:22:LL_DMA_EnableChannel	16	static
stm32f1xx_ll_dma.h:692:22:LL_DMA_SetMemoryIncMode	24	static
stm32f1xx_ll_dma.h:880:22:LL_DMA_SetDataLength	24	static
stm32f1xx_ll_dma.h:965:22:LL_DMA_SetMemoryAddress	24	static
stm32f1xx_ll_dma.h:987:22:LL_DMA_SetPeriphAddress	24	static
stm32f1xx_ll_dma.h:1762:22:LL_DMA_EnableIT_TC	16	static
stm32f1xx_ll_dma.h:1800:22:LL_DMA_EnableIT_TE	16	static
stm32f1xx_ll_dma.h:1838:22:LL_DMA_DisableIT_HT	16	static
stm32f1xx_ll_spi.h:290:22:LL_SPI_Enable	16	static
stm32f1xx_ll_spi.h:521:22:LL_SPI_SetDataWidth	16	static
stm32f1xx_ll_spi.h:979:22:LL_SPI_EnableDMAReq_TX	16	static
stm32f1xx_ll_spi.h:1012:26:LL_SPI_DMA_GetRegAddr	16	static
stm32f1xx_ll_spi.h:1054:22:LL_SPI_TransmitData8	24	static
stm32f1xx_ll_tim.h:1007:22:LL_TIM_EnableCounter	16	static
stm32f1xx_ll_tim.h:1473:22:LL_TIM_CC_EnableChannel	16	static
stm32f1xx_ll_tim.h:1991:22:LL_TIM_OC_SetCompareCH2	16	static
stm32f1xx_ll_gpio.h:804:22:LL_GPIO_SetOutputPin	16	static
stm32f1xx_ll_gpio.h:833:22:LL_GPIO_ResetOutputPin	16	static
ILI9341_driver.h:61:20:ILI9341_setLEDpwm	16	static
ili9341_driver.c:12:20:ILI9341_sendCommand	16	static
ili9341_driver.c:19:20:ILI9341_sendData	16	static
ili9341_driver.c:26:6:ILI9341_Init	8	static
ili9341_driver.c:132:6:ILI9341_setFrame	24	static
ili9341_driver.c:153:6:ILI9341_sendBuf	24	static
ili9341_driver.c:175:6:ILI9341_readBuf	16	static
ili9341_driver.c:184:6:ILI9341_fillArea	32	static
