stm32f1xx_ll_dma.h:473:22:LL_DMA_DisableChannel	16	static
stm32f1xx_ll_dma.h:492:26:LL_DMA_IsEnabledChannel	16	static
stm32f1xx_ll_dma.h:1383:26:LL_DMA_IsActiveFlag_TE3	16	static
stm32f1xx_ll_dma.h:1537:22:LL_DMA_ClearFlag_TC3	16	static
stm32f1xx_ll_dma.h:1691:22:LL_DMA_ClearFlag_TE3	16	static
stm32f1xx_ll_spi.h:521:22:LL_SPI_SetDataWidth	16	static
stm32f1xx_ll_spi.h:990:22:LL_SPI_DisableDMAReq_TX	16	static
stm32f1xx_ll_gpio.h:804:22:LL_GPIO_SetOutputPin	16	static
stm32f1xx_ll_gpio.h:833:22:LL_GPIO_ResetOutputPin	16	static
stm32f1xx_it.c:71:6:NMI_Handler	4	static
stm32f1xx_it.c:84:6:HardFault_Handler	4	static
stm32f1xx_it.c:99:6:MemManage_Handler	4	static
stm32f1xx_it.c:114:6:BusFault_Handler	4	static
stm32f1xx_it.c:129:6:UsageFault_Handler	4	static
stm32f1xx_it.c:144:6:SVC_Handler	4	static
stm32f1xx_it.c:157:6:DebugMon_Handler	4	static
stm32f1xx_it.c:170:6:PendSV_Handler	4	static
stm32f1xx_it.c:183:6:SysTick_Handler	4	static
stm32f1xx_it.c:204:6:DMA1_Channel2_IRQHandler	4	static
stm32f1xx_it.c:218:6:DMA1_Channel3_IRQHandler	8	static
